// Jest Snapshot v1, https://goo.gl/fbAQLP

exports[`App AppMatchesSnapshot 1`] = `undefined`;

exports[`AppMatchesSnapshot 1`] = `
<App>
  <div>
    <Title
      onStartDiscClick={[Function]}
      onStartSimpleClick={[Function]}
    >
      <div
        id="title"
      >
        <div
          className="simple"
        >
          <h1>
            Simple reaction time (SRT) test 
          </h1>
          <p>
            Rules: click on the circle as soon as it appears on the screen. The application will measure the time you needed to react.
          </p>
          <button
            className="btnsimple"
            onClick={[Function]}
          >
            SRT test
          </button>
        </div>
        <div
          id="disc"
        >
          <h1>
            Discrimination reaction time (DRT) test
          </h1>
          <p>
            Rules: click on the pink circle as soon as it appears on the screen. The application will measure the time you needed to react. Ignore the blue circle!
          </p>
          <button
            className="btndisc"
            onClick={[Function]}
          >
            DRT test
          </button>
        </div>
      </div>
    </Title>
  </div>
</App>
`;
